[INFO ][2018/09/26 09:54:5525 ][com.briup.logger.LogImpl.info(LogImpl.java:23)]
开始创建服务器端........
  [INFO ][2018/09/26 09:54:5529 ][com.briup.logger.LogImpl.info(LogImpl.java:23)]
等待客户端连接............
  [INFO ][2018/09/26 09:55:13887][com.briup.logger.LogImpl.info(LogImpl.java:23)]
开始读取文件.............
  [INFO ][2018/09/26 09:55:17736][com.briup.logger.LogImpl.info(LogImpl.java:23)]
客户端准备开始连接........
  [INFO ][2018/09/26 09:55:17737][com.briup.logger.LogImpl.info(LogImpl.java:23)]
客户端连接成功，开始发送数据........
  [INFO ][2018/09/26 09:55:17737][com.briup.logger.LogImpl.info(LogImpl.java:23)]
客户端连接上服务器端,开始接收数据.......
  [INFO ][2018/09/26 09:55:30721][com.briup.logger.LogImpl.info(LogImpl.java:23)]
服务器端数据接收完成........
  [INFO ][2018/09/26 09:55:30721][com.briup.logger.LogImpl.info(LogImpl.java:23)]
客户端发送数据完成.......
  [INFO ][2018/09/26 09:55:30723][com.briup.logger.LogImpl.info(LogImpl.java:23)]
开始连接数据库..........
  [INFO ][2018/09/26 09:55:31437][com.briup.logger.LogImpl.info(LogImpl.java:23)]
开始入库................
  [INFO ][2018/09/26 09:55:32607][com.briup.logger.LogImpl.info(LogImpl.java:23)]
入库结束............
  [INFO ][2018/09/26 10:54:42702][com.briup.logger.LogImpl.info(LogImpl.java:23)]
开始创建服务器端........
  [INFO ][2018/09/26 10:54:42716][com.briup.logger.LogImpl.info(LogImpl.java:23)]
等待客户端连接............
  [INFO ][2018/09/26 10:54:55222][com.briup.logger.LogImpl.info(LogImpl.java:23)]
开始读取文件.............
  [INFO ][2018/09/26 10:55:15884][com.briup.logger.LogImpl.info(LogImpl.java:23)]
客户端准备开始连接........
  [INFO ][2018/09/26 10:55:15888][com.briup.logger.LogImpl.info(LogImpl.java:23)]
客户端连接成功，开始发送数据........
  [INFO ][2018/09/26 10:55:15888][com.briup.logger.LogImpl.info(LogImpl.java:23)]
客户端连接上服务器端,开始接收数据.......
  [INFO ][2018/09/26 10:57:35251][com.briup.logger.LogImpl.info(LogImpl.java:23)]
服务器端数据接收完成........
  [INFO ][2018/09/26 10:57:35250][com.briup.logger.LogImpl.info(LogImpl.java:23)]
客户端发送数据完成.......
  [INFO ][2018/09/26 10:57:35257][com.briup.logger.LogImpl.info(LogImpl.java:23)]
开始连接数据库..........
  [INFO ][2018/09/26 10:57:37989][com.briup.logger.LogImpl.info(LogImpl.java:23)]
开始入库................
  [INFO ][2018/09/26 10:57:42483][com.briup.logger.LogImpl.info(LogImpl.java:23)]
入库结束............
  [INFO ][2018/09/26 11:38:24896][com.briup.logger.LogImpl.info(LogImpl.java:24)]
开始创建服务器端........
  [INFO ][2018/09/26 11:38:24906][com.briup.logger.LogImpl.info(LogImpl.java:24)]
等待客户端连接............
  [INFO ][2018/09/26 11:40:13894][com.briup.logger.LogImpl.info(LogImpl.java:24)]
开始读取文件.............
  [INFO ][2018/09/26 15:43:43268][com.briup.logger.LogImpl.info(LogImpl.java:24)]
开始创建服务器端........
  [INFO ][2018/09/26 15:43:43274][com.briup.logger.LogImpl.info(LogImpl.java:24)]
等待客户端连接............
  [INFO ][2018/09/26 15:43:49996][com.briup.logger.LogImpl.info(LogImpl.java:24)]
开始读取文件.............
  [INFO ][2018/09/26 15:46:11663][com.briup.logger.LogImpl.info(LogImpl.java:24)]
开始创建服务器端........
  [INFO ][2018/09/26 15:46:11669][com.briup.logger.LogImpl.info(LogImpl.java:24)]
等待客户端连接............
  [INFO ][2018/09/26 15:46:17572][com.briup.logger.LogImpl.info(LogImpl.java:24)]
开始读取文件.............
  [INFO ][2018/09/26 15:46:48684][com.briup.logger.LogImpl.info(LogImpl.java:24)]
开始读取文件.............
  [INFO ][2018/09/26 15:50:13845][com.briup.logger.LogImpl.info(LogImpl.java:24)]
开始创建服务器端........
  [INFO ][2018/09/26 15:50:13853][com.briup.logger.LogImpl.info(LogImpl.java:24)]
等待客户端连接............
  [INFO ][2018/09/26 15:50:21838][com.briup.logger.LogImpl.info(LogImpl.java:24)]
开始读取文件.............
  [INFO ][2018/09/26 15:50:31764][com.briup.logger.LogImpl.info(LogImpl.java:24)]
客户端准备开始连接........
  [INFO ][2018/09/26 15:50:31766][com.briup.logger.LogImpl.info(LogImpl.java:24)]
客户端连接成功，开始发送数据........
  [INFO ][2018/09/26 15:50:31766][com.briup.logger.LogImpl.info(LogImpl.java:24)]
客户端连接上服务器端,开始接收数据.......
  [INFO ][2018/09/26 15:51:49674][com.briup.logger.LogImpl.info(LogImpl.java:24)]
服务器端数据接收完成........
  [INFO ][2018/09/26 15:51:49674][com.briup.logger.LogImpl.info(LogImpl.java:24)]
客户端发送数据完成.......
  [INFO ][2018/09/26 15:51:49675][com.briup.logger.LogImpl.info(LogImpl.java:24)]
开始连接数据库..........
  [INFO ][2018/09/26 15:51:49989][com.briup.logger.LogImpl.info(LogImpl.java:24)]
开始入库................
  [INFO ][2018/09/26 17:06:03547][com.briup.logger.LogImpl.info(LogImpl.java:24)]
开始创建服务器端........
  [INFO ][2018/09/26 17:06:03553][com.briup.logger.LogImpl.info(LogImpl.java:24)]
等待客户端连接............
  [INFO ][2018/09/26 17:06:12321][com.briup.logger.LogImpl.info(LogImpl.java:24)]
开始读取文件.............
  [INFO ][2018/09/26 17:06:22704][com.briup.logger.LogImpl.info(LogImpl.java:24)]
客户端准备开始连接........
  [INFO ][2018/09/26 17:06:22707][com.briup.logger.LogImpl.info(LogImpl.java:24)]
客户端连接成功，开始发送数据........
  [INFO ][2018/09/26 17:06:22707][com.briup.logger.LogImpl.info(LogImpl.java:24)]
客户端连接上服务器端,开始接收数据.......
  [INFO ][2018/09/26 17:07:42500][com.briup.logger.LogImpl.info(LogImpl.java:24)]
服务器端数据接收完成........
  [INFO ][2018/09/26 17:07:42501][com.briup.logger.LogImpl.info(LogImpl.java:24)]
开始连接数据库..........
  [INFO ][2018/09/26 17:07:42500][com.briup.logger.LogImpl.info(LogImpl.java:24)]
客户端发送数据完成.......
  [INFO ][2018/09/26 17:07:45286][com.briup.logger.LogImpl.info(LogImpl.java:24)]
开始入库................
  [INFO ][2018/09/26 17:07:4727 ][com.briup.logger.LogImpl.info(LogImpl.java:24)]
入库结束............
  